mvn : WARNING: A restricted method in java.lang.System has been called
En línea: 1 Carácter: 1
+ mvn -f backend test -DskipITs 2>&1 >test_output.txt ;& type test_outp ...
+ ~~~~~~~~~~~~~~~~~~~~~~~~~~~~~~~~~~~~~~~~~~~~~~~~~~~
    + CategoryInfo          : NotSpecified: (WARNING: A rest...has been called 
   :String) [], RemoteException
    + FullyQualifiedErrorId : NativeCommandError
 
WARNING: java.lang.System::load has been called by 
org.fusesource.jansi.internal.JansiLoader in an unnamed module 
(file:/C:/Users/EXITOPC/scoop/apps/maven/current/lib/jansi-2.4.1.jar)
WARNING: Use --enable-native-access=ALL-UNNAMED to avoid a warning for callers 
in this module
WARNING: Restricted methods will be blocked in a future release unless native 
access is enabled

WARNING: A terminally deprecated method in sun.misc.Unsafe has been called
WARNING: sun.misc.Unsafe::objectFieldOffset has been called by 
com.google.common.util.concurrent.AbstractFuture$UnsafeAtomicHelper 
(file:/C:/Users/EXITOPC/scoop/apps/maven/current/lib/guava-33.2.1-jre.jar)
WARNING: Please consider reporting this to the maintainers of class 
com.google.common.util.concurrent.AbstractFuture$UnsafeAtomicHelper
WARNING: sun.misc.Unsafe::objectFieldOffset will be removed in a future release
[INFO] Scanning for projects...
[INFO] 
[INFO] -------------------------< com.torre:techtest >-------------------------
[INFO] Building TorreTechTest 0.0.1-SNAPSHOT
[INFO]   from pom.xml
[INFO] --------------------------------[ jar ]---------------------------------
[INFO] 
[INFO] --- jacoco:0.8.14:prepare-agent (default) @ techtest ---
[INFO] argLine set to -javaagent:C:\\Users\\EXITOPC\\.m2\\repository\\org\\jacoco\\org.jacoco.agent\\0.8.14\\org.jacoco.agent-0.8.14-runtime.jar=destfile=C:\\Users\\EXITOPC\\Desktop\\TorreTest\\backend\\target\\jacoco.exec,excludes=net/bytebuddy/**:org/mockito/**
[INFO] 
[INFO] --- resources:3.3.1:resources (default-resources) @ techtest ---
[INFO] Copying 1 resource from src\main\resources to target\classes
[INFO] Copying 0 resource from src\main\resources to target\classes
[INFO] 
[INFO] --- compiler:3.14.0:compile (default-compile) @ techtest ---
[INFO] Nothing to compile - all classes are up to date.
[INFO] 
[INFO] --- resources:3.3.1:testResources (default-testResources) @ techtest ---
[INFO] skip non existing resourceDirectory C:\Users\EXITOPC\Desktop\TorreTest\backend\src\test\resources
[INFO] 
[INFO] --- compiler:3.14.0:testCompile (default-testCompile) @ techtest ---
[INFO] Nothing to compile - all classes are up to date.
[INFO] 
[INFO] --- surefire:3.5.3:test (default-test) @ techtest ---
[INFO] Using auto detected provider org.apache.maven.surefire.junitplatform.JUnitPlatformProvider
[INFO] 
[INFO] -------------------------------------------------------
[INFO]  T E S T S
[INFO] -------------------------------------------------------
[INFO] Running com.torre.techtest.feature.profile.PersonDetailsResponseTest
[INFO] Tests run: 1, Failures: 0, Errors: 0, Skipped: 0, Time elapsed: 0.110 s -- in com.torre.techtest.feature.profile.PersonDetailsResponseTest
[INFO] Running com.torre.techtest.feature.profile.ProfileControllerTest

  .   ____          _            __ _ _
 /\\ / ___'_ __ _ _(_)_ __  __ _ \ \ \ \
( ( )\___ | '_ | '_| | '_ \/ _` | \ \ \ \
 \\/  ___)| |_)| | | | | || (_| |  ) ) ) )
  '  |____| .__|_| |_|_| |_\__, | / / / /
 =========|_|==============|___/=/_/_/_/

 :: Spring Boot ::                (v3.5.4)

2026-05-01T18:34:34.642-05:00  INFO 16528 --- [TorreTechTest] [           main] c.t.t.f.profile.ProfileControllerTest    : Starting ProfileControllerTest using Java 24.0.1 with PID 16528 (started by EXITOPC in C:\Users\EXITOPC\Desktop\TorreTest\backend)
2026-05-01T18:34:34.646-05:00  INFO 16528 --- [TorreTechTest] [           main] c.t.t.f.profile.ProfileControllerTest    : The following 1 profile is active: "default"
Mockito is currently self-attaching to enable the inline-mock-maker. This will 
no longer work in future releases of the JDK. Please add Mockito as an agent 
to your build as described in Mockito's documentation: https://javadoc.io/doc/o
rg.mockito/mockito-core/latest/org.mockito/org/mockito/Mockito.html#0.3
Java HotSpot(TM) 64-Bit Server VM warning: Sharing is only supported for boot 
loader classes because bootstrap classpath has been appended
WARNING: A Java agent has been loaded dynamically (C:\Users\EXITOPC\.m2\reposit
ory\net\bytebuddy\byte-buddy-agent\1.17.6\byte-buddy-agent-1.17.6.jar)
WARNING: If a serviceability tool is in use, please run with 
-XX:+EnableDynamicAgentLoading to hide this warning
WARNING: If a serviceability tool is not in use, please run with 
-Djdk.instrument.traceUsage for more information
WARNING: Dynamic loading of agents will be disallowed by default in a future 
release
2026-05-01T18:34:36.712-05:00  INFO 16528 --- [TorreTechTest] [           main] o.s.b.t.m.w.SpringBootMockServletContext : Initializing Spring TestDispatcherServlet ''
2026-05-01T18:34:36.713-05:00  INFO 16528 --- [TorreTechTest] [           main] o.s.t.web.servlet.TestDispatcherServlet  : Initializing Servlet ''
2026-05-01T18:34:36.715-05:00  INFO 16528 --- [TorreTechTest] [           main] o.s.t.web.servlet.TestDispatcherServlet  : Completed initialization in 1 ms
2026-05-01T18:34:36.772-05:00  INFO 16528 --- [TorreTechTest] [           main] c.t.t.f.profile.ProfileControllerTest    : Started ProfileControllerTest in 2.742 seconds (process running for 4.499)
2026-05-01T18:34:37.012-05:00  INFO 16528 --- [TorreTechTest] [           main] c.t.t.feature.profile.ProfileController  : Received request for profile details of username: ana-ruiz
2026-05-01T18:34:37.021-05:00  INFO 16528 --- [TorreTechTest] [           main] c.t.t.feature.profile.ProfileController  : Successfully retrieved profile for username: ana-ruiz
2026-05-01T18:34:37.269-05:00  INFO 16528 --- [TorreTechTest] [           main] c.t.t.feature.profile.ProfileController  : Received request for profile details of username:    
2026-05-01T18:34:37.269-05:00  WARN 16528 --- [TorreTechTest] [           main] c.t.t.feature.profile.ProfileController  : Invalid username provided:    
2026-05-01T18:34:37.300-05:00  INFO 16528 --- [TorreTechTest] [           main] c.t.t.feature.profile.ProfileController  : Received request for profile details of username: ana-ruiz
2026-05-01T18:34:37.309-05:00  INFO 16528 --- [TorreTechTest] [           main] c.t.t.feature.profile.ProfileController  : Received request for profile details of username:    
2026-05-01T18:34:37.309-05:00  WARN 16528 --- [TorreTechTest] [           main] c.t.t.feature.profile.ProfileController  : Invalid username provided:    
2026-05-01T18:34:37.322-05:00  INFO 16528 --- [TorreTechTest] [           main] c.t.t.feature.profile.ProfileController  : Received request for profile details of username: missing
[INFO] Tests run: 5, Failures: 0, Errors: 0, Skipped: 0, Time elapsed: 3.855 s -- in com.torre.techtest.feature.profile.ProfileControllerTest
[INFO] Running com.torre.techtest.feature.profile.ProfileServiceTest
2026-05-01T18:34:38.530-05:00  INFO 16528 --- [TorreTechTest] [           main] c.t.t.feature.profile.ProfileService     : Fetching profile details for username: minimal
2026-05-01T18:34:38.821-05:00  INFO 16528 --- [TorreTechTest] [           main] c.t.t.feature.profile.ProfileService     : Successfully retrieved profile for username: minimal
2026-05-01T18:34:38.825-05:00  INFO 16528 --- [TorreTechTest] [           main] c.t.t.feature.profile.ProfileService     : Fetching profile details for username: ana-ruiz
2026-05-01T18:34:38.841-05:00  INFO 16528 --- [TorreTechTest] [           main] c.t.t.feature.profile.ProfileService     : Successfully retrieved profile for username: ana-ruiz
2026-05-01T18:34:38.845-05:00  INFO 16528 --- [TorreTechTest] [           main] c.t.t.feature.profile.ProfileService     : Fetching profile details for username: ana-ruiz
2026-05-01T18:34:38.854-05:00  INFO 16528 --- [TorreTechTest] [           main] c.t.t.feature.profile.ProfileService     : Fetching profile details for username: ana-ruiz
2026-05-01T18:34:39.864-05:00  INFO 16528 --- [TorreTechTest] [           main] c.t.t.feature.profile.ProfileService     : Fetching profile details for username: missing
2026-05-01T18:34:39.875-05:00  INFO 16528 --- [TorreTechTest] [           main] c.t.t.feature.profile.ProfileService     : Fetching profile details for username: ana-ruiz
2026-05-01T18:34:39.893-05:00  INFO 16528 --- [TorreTechTest] [           main] c.t.t.feature.profile.ProfileService     : Fetching profile details for username: test-user
2026-05-01T18:34:39.902-05:00  INFO 16528 --- [TorreTechTest] [           main] c.t.t.feature.profile.ProfileService     : Successfully retrieved profile for username: test-user
[INFO] Tests run: 7, Failures: 0, Errors: 0, Skipped: 0, Time elapsed: 2.437 s -- in com.torre.techtest.feature.profile.ProfileServiceTest
[INFO] Running com.torre.techtest.feature.search.AnalysisControllerTest

  .   ____          _            __ _ _
 /\\ / ___'_ __ _ _(_)_ __  __ _ \ \ \ \
( ( )\___ | '_ | '_| | '_ \/ _` | \ \ \ \
 \\/  ___)| |_)| | | | | || (_| |  ) ) ) )
  '  |____| .__|_| |_|_| |_\__, | / / / /
 =========|_|==============|___/=/_/_/_/

 :: Spring Boot ::                (v3.5.4)

2026-05-01T18:34:39.952-05:00  INFO 16528 --- [TorreTechTest] [           main] c.t.t.f.search.AnalysisControllerTest    : Starting AnalysisControllerTest using Java 24.0.1 with PID 16528 (started by EXITOPC in C:\Users\EXITOPC\Desktop\TorreTest\backend)
2026-05-01T18:34:39.952-05:00  INFO 16528 --- [TorreTechTest] [           main] c.t.t.f.search.AnalysisControllerTest    : The following 1 profile is active: "default"
2026-05-01T18:34:40.137-05:00  INFO 16528 --- [TorreTechTest] [           main] o.s.b.t.m.w.SpringBootMockServletContext : Initializing Spring TestDispatcherServlet ''
2026-05-01T18:34:40.137-05:00  INFO 16528 --- [TorreTechTest] [           main] o.s.t.web.servlet.TestDispatcherServlet  : Initializing Servlet ''
2026-05-01T18:34:40.138-05:00  INFO 16528 --- [TorreTechTest] [           main] o.s.t.web.servlet.TestDispatcherServlet  : Completed initialization in 0 ms
2026-05-01T18:34:40.142-05:00  INFO 16528 --- [TorreTechTest] [           main] c.t.t.f.search.AnalysisControllerTest    : Started AnalysisControllerTest in 0.214 seconds (process running for 7.87)
[INFO] Tests run: 7, Failures: 0, Errors: 0, Skipped: 0, Time elapsed: 0.307 s -- in com.torre.techtest.feature.search.AnalysisControllerTest
[INFO] Running com.torre.techtest.feature.search.AnalysisServiceTest
2026-05-01T18:34:40.237-05:00  INFO 16528 --- [TorreTechTest] [           main] c.t.t.feature.search.AnalysisService     : Analyzing skill proficiency distribution for: java
2026-05-01T18:34:40.272-05:00  INFO 16528 --- [TorreTechTest] [           main] c.t.t.feature.search.AnalysisService     : Distribution analysis completed for 'java': 5 total profiles analyzed across 1 levels
2026-05-01T18:34:40.298-05:00  INFO 16528 --- [TorreTechTest] [           main] c.t.t.feature.search.AnalysisService     : Analyzing skill proficiency distribution for: nonexistent
2026-05-01T18:34:40.312-05:00  INFO 16528 --- [TorreTechTest] [           main] c.t.t.feature.search.AnalysisService     : Distribution analysis completed for 'nonexistent': 0 total profiles analyzed across 0 levels
2026-05-01T18:34:41.324-05:00  INFO 16528 --- [TorreTechTest] [           main] c.t.t.feature.search.AnalysisService     : Analyzing skill proficiency distribution for: java
2026-05-01T18:34:41.335-05:00  INFO 16528 --- [TorreTechTest] [           main] c.t.t.feature.search.AnalysisService     : Distribution analysis completed for 'java': 5 total profiles analyzed across 1 levels
[INFO] Tests run: 7, Failures: 0, Errors: 0, Skipped: 0, Time elapsed: 1.114 s -- in com.torre.techtest.feature.search.AnalysisServiceTest
[INFO] Running com.torre.techtest.feature.search.SearchServiceTest
2026-05-01T18:34:41.366-05:00  WARN 16528 --- [TorreTechTest] [           main] c.t.t.feature.search.SearchService       : Error parsing JSON line 3: Unrecognized token 'not': was expecting (JSON String, Number, Array, Object or token 'null', 'true' or 'false')
 at [Source: REDACTED (`StreamReadFeature.INCLUDE_SOURCE_IN_LOCATION` disabled); line: 1, column: 4]
2026-05-01T18:34:42.397-05:00  WARN 16528 --- [TorreTechTest] [           main] c.t.t.feature.search.SearchService       : Error parsing JSON line 2: Unexpected character ('i' (code 105)): was expecting double-quote to start field name
 at [Source: REDACTED (`StreamReadFeature.INCLUDE_SOURCE_IN_LOCATION` disabled); line: 1, column: 2]
[INFO] Tests run: 7, Failures: 0, Errors: 0, Skipped: 0, Time elapsed: 1.066 s -- in com.torre.techtest.feature.search.SearchServiceTest
[INFO] Running com.torre.techtest.feature.search.SearchTest

  .   ____          _            __ _ _
 /\\ / ___'_ __ _ _(_)_ __  __ _ \ \ \ \
( ( )\___ | '_ | '_| | '_ \/ _` | \ \ \ \
 \\/  ___)| |_)| | | | | || (_| |  ) ) ) )
  '  |____| .__|_| |_|_| |_\__, | / / / /
 =========|_|==============|___/=/_/_/_/

 :: Spring Boot ::                (v3.5.4)

2026-05-01T18:34:42.432-05:00  INFO 16528 --- [TorreTechTest] [           main] c.t.techtest.feature.search.SearchTest   : Starting SearchTest using Java 24.0.1 with PID 16528 (started by EXITOPC in C:\Users\EXITOPC\Desktop\TorreTest\backend)
2026-05-01T18:34:42.432-05:00  INFO 16528 --- [TorreTechTest] [           main] c.t.techtest.feature.search.SearchTest   : The following 1 profile is active: "default"
2026-05-01T18:34:42.559-05:00  INFO 16528 --- [TorreTechTest] [           main] o.s.b.t.m.w.SpringBootMockServletContext : Initializing Spring TestDispatcherServlet ''
2026-05-01T18:34:42.559-05:00  INFO 16528 --- [TorreTechTest] [           main] o.s.t.web.servlet.TestDispatcherServlet  : Initializing Servlet ''
2026-05-01T18:34:42.560-05:00  INFO 16528 --- [TorreTechTest] [           main] o.s.t.web.servlet.TestDispatcherServlet  : Completed initialization in 1 ms
2026-05-01T18:34:42.565-05:00  INFO 16528 --- [TorreTechTest] [           main] c.t.techtest.feature.search.SearchTest   : Started SearchTest in 0.149 seconds (process running for 10.293)
[INFO] Tests run: 5, Failures: 0, Errors: 0, Skipped: 0, Time elapsed: 0.243 s -- in com.torre.techtest.feature.search.SearchTest
[INFO] Running com.torre.techtest.feature.search.SkillCompensationResponseTest
[INFO] Tests run: 7, Failures: 0, Errors: 0, Skipped: 0, Time elapsed: 0.004 s -- in com.torre.techtest.feature.search.SkillCompensationResponseTest
[INFO] Running com.torre.techtest.feature.search.SkillDistributionResponseTest
[INFO] Tests run: 8, Failures: 0, Errors: 0, Skipped: 0, Time elapsed: 0.005 s -- in com.torre.techtest.feature.search.SkillDistributionResponseTest
[INFO] Running com.torre.techtest.utils.HtmlUtilsTest
[INFO] Tests run: 9, Failures: 0, Errors: 0, Skipped: 0, Time elapsed: 0.007 s -- in com.torre.techtest.utils.HtmlUtilsTest
[INFO] 
[INFO] Results:
[INFO] 
[INFO] Tests run: 63, Failures: 0, Errors: 0, Skipped: 0
[INFO] 
[INFO] ------------------------------------------------------------------------
[INFO] BUILD SUCCESS
[INFO] ------------------------------------------------------------------------
[INFO] Total time:  12.011 s
[INFO] Finished at: 2026-05-01T18:34:42-05:00
[INFO] ------------------------------------------------------------------------
